// Jest Snapshot v1, https://goo.gl/fbAQLP

exports[`should render EditExpense Page correctly 1`] = `
<div>
  <ExpenseForm
    expense={
      Object {
        "amount": 109500,
        "createdAt": -1000,
        "description": "Rent",
        "id": 2,
        "notes": "",
      }
    }
    onSubmit={[Function]}
  />
</div>
`;
