// Jest Snapshot v1, https://goo.gl/fbAQLP

exports[`should render the expenseList from expense 1`] = `
<div>
  <h1>
    Expense List
  </h1>
  <Connect(ExpenseListItem)
    amount={195}
    createdAt={0}
    description="Gum"
    id={1}
    key="1"
    notes=""
  />
  <Connect(ExpenseListItem)
    amount={109500}
    createdAt={-1000}
    description="Rent"
    id={2}
    key="2"
    notes=""
  />
  <Connect(ExpenseListItem)
    amount={4500}
    createdAt={1000}
    description="credit card"
    id={3}
    key="3"
    notes=""
  />
</div>
`;

exports[`should render the expenseList with no expense message 1`] = `
<div>
  <h1>
    Expense List
  </h1>
  <p>
    No Expenses
  </p>
</div>
`;
