// Jest Snapshot v1, https://goo.gl/fbAQLP

exports[`test render Header correctly 1`] = `
<div>
  <h1>
    some default text
  </h1>
</div>
`;
